{
  "bizRole": "2096433808925233153",
  "dspRole": "2096433808983953410",
  "bizUser": "2096433809713762306",
  "dspUser": "2096433810087055361",
  "formA": "00853a59-7545-47e6-bc6c-e45c95e4b514",
  "defA": "2096433810921721858",
  "processKeyA": "bpm_81dd294e5a9645fb",
  "formB": "3cc26056-1644-4d6f-b01d-86013abd2f0f",
  "defB": "2096433814377828354",
  "processKeyB": "bpm_f84fa4b5d7a4451e",
  "bizPerms": [
    "workflow:view",
    "workflow:todo:view",
    "workflow:my:view"
  ],
  "dspPerms": [
    "workflow:view",
    "workflow:todo:view",
    "workflow:my:view",
    "workflow:p0:dispatch"
  ]
}
