{
  "bizRole": "2096434430827274241",
  "dspRole": "2096434430927937538",
  "bizUser": "2096434431817129986",
  "dspUser": "2096434432253337601",
  "formA": "f0f76485-ab16-448b-90d1-945f05846d83",
  "defA": "2096434433134141441",
  "processKeyA": "bpm_986bf0f136f14f2c",
  "formB": "7918b3e3-4c42-4155-8a8c-a347fce25b18",
  "defB": "2096434436690911234",
  "processKeyB": "bpm_abc9d2f90baf4d65",
  "bizPerms": [
    "workflow:view",
    "workflow:todo:view",
    "workflow:my:view"
  ],
  "dspPerms": [
    "workflow:view",
    "workflow:todo:view",
    "workflow:my:view",
    "workflow:p0:dispatch"
  ]
}
