{
  "bizRole": "2096286527659868162",
  "dspRole": "2096286527747948545",
  "bizUser": "2096286528649723906",
  "dspUser": "2096286529123680258",
  "formA": "8c0b084f-8720-4810-93af-9f538526530e",
  "defA": "2096286530121924609",
  "processKeyA": "bpm_04d7fdf5c3894760",
  "formB": "fdd9458a-3344-4789-b0a0-42521351c280",
  "defB": "2096286533741608962",
  "processKeyB": "bpm_d6e39b2524d34190",
  "bizPerms": [
    "workflow:view",
    "workflow:todo:view",
    "workflow:my:view"
  ],
  "dspPerms": [
    "workflow:view",
    "workflow:todo:view",
    "workflow:my:view",
    "workflow:p0:dispatch"
  ]
}
