{
  "bizRole": "2096303065049808897",
  "dspRole": "2096303065410519041",
  "bizUser": "2096303066886914050",
  "dspUser": "2096303067365064705",
  "formA": "34db4703-2e6c-478a-8012-fba3ae622693",
  "defA": "2096303068786933762",
  "processKeyA": "bpm_2b95dd9af50340a9",
  "formB": "6a539712-db2f-408c-88c4-8f0bd9bdc3e3",
  "defB": "2096303073111261185",
  "processKeyB": "bpm_df39e2d1735b4241",
  "bizPerms": [
    "workflow:view",
    "workflow:todo:view",
    "workflow:my:view"
  ],
  "dspPerms": [
    "workflow:view",
    "workflow:todo:view",
    "workflow:my:view",
    "workflow:p0:dispatch"
  ]
}
