+ set -euo pipefail
+ BASE=http://localhost:8080/api
+ AUTH='Authorization: Bearer test_1'
+ CT='Content-Type: application/json'
++ jq -r '.data.records[] | select(.code=="p4_biz_role_03") | .id'
++ head -1
+++ req POST '/system/role/page?pageNum=1&pageSize=50'
+++ local method=POST 'path=/system/role/page?pageNum=1&pageSize=50' body=
+++ '[' -n '' ']'
+++ curl -s -m 15 -X POST -H 'Authorization: Bearer test_1' -H 'Content-Type: application/json' 'http://localhost:8080/api/system/role/page?pageNum=1&pageSize=50'
++ expect0 '{"code":0,"msg":"success","data":{"records":[{"id":"1","createTime":"2026-09-06T00:34:06.397053","createBy":null,"updateTime":"2026-09-06T00:34:06.397053","updateBy":null,"deleted":0,"version":"0","tenantId":"0","name":"超级管理员","code":"superadmin","sort":0,"status":1,"dataScope":null,"deptIds":[],"builtIn":true,"description":"系统内置超级管理员角色，拥有所有权限"},{"id":"2","createTime":"2026-09-06T00:34:06.579469","createBy":null,"updateTime":"2026-09-06T00:34:06.579469","updateBy":null,"deleted":0,"version":"0","tenantId":"0","name":"管理员","code":"admin","sort":10,"status":1,"dataScope":0,"deptIds":[],"builtIn":false,"description":"系统初始化普通管理员角色"},{"id":"2096275849519742977","createTime":"2026-09-06T00:34:44.105164","createBy":"1","updateTime":"2026-09-06T00:34:44.105174","updateBy":"1","deleted":0,"version":"0","tenantId":"0","name":"P4业务角色03","code":"p4_biz_role_03","sort":90,"status":1,"dataScope":3,"deptIds":[],"builtIn":false,"description":"P4 补证03 业务身份"},{"id":"2096275849729458178","createTime":"2026-09-06T00:34:44.155452","createBy":"1","updateTime":"2026-09-06T00:34:44.15546","updateBy":"1","deleted":0,"version":"0","tenantId":"0","name":"P4调度角色03","code":"p4_dsp_role_03","sort":91,"status":1,"dataScope":3,"deptIds":[],"builtIn":false,"description":"P4 补证03 调度身份(P0)"}],"total":"4","pageNum":"1","pageSize":"50"}}' 'page role'
++ local 'resp={"code":0,"msg":"success","data":{"records":[{"id":"1","createTime":"2026-09-06T00:34:06.397053","createBy":null,"updateTime":"2026-09-06T00:34:06.397053","updateBy":null,"deleted":0,"version":"0","tenantId":"0","name":"超级管理员","code":"superadmin","sort":0,"status":1,"dataScope":null,"deptIds":[],"builtIn":true,"description":"系统内置超级管理员角色，拥有所有权限"},{"id":"2","createTime":"2026-09-06T00:34:06.579469","createBy":null,"updateTime":"2026-09-06T00:34:06.579469","updateBy":null,"deleted":0,"version":"0","tenantId":"0","name":"管理员","code":"admin","sort":10,"status":1,"dataScope":0,"deptIds":[],"builtIn":false,"description":"系统初始化普通管理员角色"},{"id":"2096275849519742977","createTime":"2026-09-06T00:34:44.105164","createBy":"1","updateTime":"2026-09-06T00:34:44.105174","updateBy":"1","deleted":0,"version":"0","tenantId":"0","name":"P4业务角色03","code":"p4_biz_role_03","sort":90,"status":1,"dataScope":3,"deptIds":[],"builtIn":false,"description":"P4 补证03 业务身份"},{"id":"2096275849729458178","createTime":"2026-09-06T00:34:44.155452","createBy":"1","updateTime":"2026-09-06T00:34:44.15546","updateBy":"1","deleted":0,"version":"0","tenantId":"0","name":"P4调度角色03","code":"p4_dsp_role_03","sort":91,"status":1,"dataScope":3,"deptIds":[],"builtIn":false,"description":"P4 补证03 调度身份(P0)"}],"total":"4","pageNum":"1","pageSize":"50"}}' 'what=page role'
+++ jq -r .code
++ local c=0
++ '[' 0 '!=' 0 ']'
++ printf %s '{"code":0,"msg":"success","data":{"records":[{"id":"1","createTime":"2026-09-06T00:34:06.397053","createBy":null,"updateTime":"2026-09-06T00:34:06.397053","updateBy":null,"deleted":0,"version":"0","tenantId":"0","name":"超级管理员","code":"superadmin","sort":0,"status":1,"dataScope":null,"deptIds":[],"builtIn":true,"description":"系统内置超级管理员角色，拥有所有权限"},{"id":"2","createTime":"2026-09-06T00:34:06.579469","createBy":null,"updateTime":"2026-09-06T00:34:06.579469","updateBy":null,"deleted":0,"version":"0","tenantId":"0","name":"管理员","code":"admin","sort":10,"status":1,"dataScope":0,"deptIds":[],"builtIn":false,"description":"系统初始化普通管理员角色"},{"id":"2096275849519742977","createTime":"2026-09-06T00:34:44.105164","createBy":"1","updateTime":"2026-09-06T00:34:44.105174","updateBy":"1","deleted":0,"version":"0","tenantId":"0","name":"P4业务角色03","code":"p4_biz_role_03","sort":90,"status":1,"dataScope":3,"deptIds":[],"builtIn":false,"description":"P4 补证03 业务身份"},{"id":"2096275849729458178","createTime":"2026-09-06T00:34:44.155452","createBy":"1","updateTime":"2026-09-06T00:34:44.15546","updateBy":"1","deleted":0,"version":"0","tenantId":"0","name":"P4调度角色03","code":"p4_dsp_role_03","sort":91,"status":1,"dataScope":3,"deptIds":[],"builtIn":false,"description":"P4 补证03 调度身份(P0)"}],"total":"4","pageNum":"1","pageSize":"50"}}'
+ BIZ_ROLE=2096275849519742977
+ '[' -z 2096275849519742977 ']'
++ jq -r '.data.records[] | select(.code=="p4_dsp_role_03") | .id'
++ head -1
+++ req POST '/system/role/page?pageNum=1&pageSize=50'
+++ local method=POST 'path=/system/role/page?pageNum=1&pageSize=50' body=
+++ '[' -n '' ']'
+++ curl -s -m 15 -X POST -H 'Authorization: Bearer test_1' -H 'Content-Type: application/json' 'http://localhost:8080/api/system/role/page?pageNum=1&pageSize=50'
++ expect0 '{"code":0,"msg":"success","data":{"records":[{"id":"1","createTime":"2026-09-06T00:34:06.397053","createBy":null,"updateTime":"2026-09-06T00:34:06.397053","updateBy":null,"deleted":0,"version":"0","tenantId":"0","name":"超级管理员","code":"superadmin","sort":0,"status":1,"dataScope":null,"deptIds":[],"builtIn":true,"description":"系统内置超级管理员角色，拥有所有权限"},{"id":"2","createTime":"2026-09-06T00:34:06.579469","createBy":null,"updateTime":"2026-09-06T00:34:06.579469","updateBy":null,"deleted":0,"version":"0","tenantId":"0","name":"管理员","code":"admin","sort":10,"status":1,"dataScope":0,"deptIds":[],"builtIn":false,"description":"系统初始化普通管理员角色"},{"id":"2096275849519742977","createTime":"2026-09-06T00:34:44.105164","createBy":"1","updateTime":"2026-09-06T00:34:44.105174","updateBy":"1","deleted":0,"version":"0","tenantId":"0","name":"P4业务角色03","code":"p4_biz_role_03","sort":90,"status":1,"dataScope":3,"deptIds":[],"builtIn":false,"description":"P4 补证03 业务身份"},{"id":"2096275849729458178","createTime":"2026-09-06T00:34:44.155452","createBy":"1","updateTime":"2026-09-06T00:34:44.15546","updateBy":"1","deleted":0,"version":"0","tenantId":"0","name":"P4调度角色03","code":"p4_dsp_role_03","sort":91,"status":1,"dataScope":3,"deptIds":[],"builtIn":false,"description":"P4 补证03 调度身份(P0)"}],"total":"4","pageNum":"1","pageSize":"50"}}' 'page role'
++ local 'resp={"code":0,"msg":"success","data":{"records":[{"id":"1","createTime":"2026-09-06T00:34:06.397053","createBy":null,"updateTime":"2026-09-06T00:34:06.397053","updateBy":null,"deleted":0,"version":"0","tenantId":"0","name":"超级管理员","code":"superadmin","sort":0,"status":1,"dataScope":null,"deptIds":[],"builtIn":true,"description":"系统内置超级管理员角色，拥有所有权限"},{"id":"2","createTime":"2026-09-06T00:34:06.579469","createBy":null,"updateTime":"2026-09-06T00:34:06.579469","updateBy":null,"deleted":0,"version":"0","tenantId":"0","name":"管理员","code":"admin","sort":10,"status":1,"dataScope":0,"deptIds":[],"builtIn":false,"description":"系统初始化普通管理员角色"},{"id":"2096275849519742977","createTime":"2026-09-06T00:34:44.105164","createBy":"1","updateTime":"2026-09-06T00:34:44.105174","updateBy":"1","deleted":0,"version":"0","tenantId":"0","name":"P4业务角色03","code":"p4_biz_role_03","sort":90,"status":1,"dataScope":3,"deptIds":[],"builtIn":false,"description":"P4 补证03 业务身份"},{"id":"2096275849729458178","createTime":"2026-09-06T00:34:44.155452","createBy":"1","updateTime":"2026-09-06T00:34:44.15546","updateBy":"1","deleted":0,"version":"0","tenantId":"0","name":"P4调度角色03","code":"p4_dsp_role_03","sort":91,"status":1,"dataScope":3,"deptIds":[],"builtIn":false,"description":"P4 补证03 调度身份(P0)"}],"total":"4","pageNum":"1","pageSize":"50"}}' 'what=page role'
+++ jq -r .code
++ local c=0
++ '[' 0 '!=' 0 ']'
++ printf %s '{"code":0,"msg":"success","data":{"records":[{"id":"1","createTime":"2026-09-06T00:34:06.397053","createBy":null,"updateTime":"2026-09-06T00:34:06.397053","updateBy":null,"deleted":0,"version":"0","tenantId":"0","name":"超级管理员","code":"superadmin","sort":0,"status":1,"dataScope":null,"deptIds":[],"builtIn":true,"description":"系统内置超级管理员角色，拥有所有权限"},{"id":"2","createTime":"2026-09-06T00:34:06.579469","createBy":null,"updateTime":"2026-09-06T00:34:06.579469","updateBy":null,"deleted":0,"version":"0","tenantId":"0","name":"管理员","code":"admin","sort":10,"status":1,"dataScope":0,"deptIds":[],"builtIn":false,"description":"系统初始化普通管理员角色"},{"id":"2096275849519742977","createTime":"2026-09-06T00:34:44.105164","createBy":"1","updateTime":"2026-09-06T00:34:44.105174","updateBy":"1","deleted":0,"version":"0","tenantId":"0","name":"P4业务角色03","code":"p4_biz_role_03","sort":90,"status":1,"dataScope":3,"deptIds":[],"builtIn":false,"description":"P4 补证03 业务身份"},{"id":"2096275849729458178","createTime":"2026-09-06T00:34:44.155452","createBy":"1","updateTime":"2026-09-06T00:34:44.15546","updateBy":"1","deleted":0,"version":"0","tenantId":"0","name":"P4调度角色03","code":"p4_dsp_role_03","sort":91,"status":1,"dataScope":3,"deptIds":[],"builtIn":false,"description":"P4 补证03 调度身份(P0)"}],"total":"4","pageNum":"1","pageSize":"50"}}'
+ DSP_ROLE=2096275849729458178
+ '[' -z 2096275849729458178 ']'
++ req PUT /system/role/2096275849519742977/menus '[5,20,24,25,26]'
++ local method=PUT path=/system/role/2096275849519742977/menus 'body=[5,20,24,25,26]'
++ '[' -n '[5,20,24,25,26]' ']'
++ curl -s -m 15 -X PUT -H 'Authorization: Bearer test_1' -H 'Content-Type: application/json' -d '[5,20,24,25,26]' http://localhost:8080/api/system/role/2096275849519742977/menus
+ expect0 '{"code":500,"msg":"系统异常","data":null}' 'biz role menus'
+ local 'resp={"code":500,"msg":"系统异常","data":null}' 'what=biz role menus'
++ jq -r .code
+ local c=500
+ '[' 500 '!=' 0 ']'
+ echo 'FAIL[biz role menus] code=500 resp={"code":500,"msg":"系统异常","data":null}'
FAIL[biz role menus] code=500 resp={"code":500,"msg":"系统异常","data":null}
+ exit 1
